// Jest Snapshot v1, https://goo.gl/fbAQLP

exports[`Header renders and matches snapshot 1`] = `
<div>
  <div
    class="StyledGrommet-sc-19lkkz7-0 eTWpSM"
  >
    <header
      class="StyledBox-sc-13pk1d4-0 hHnPGd"
      style="width: 100vw;"
    >
      <div
        class="StyledBox-sc-13pk1d4-0 jJdKAu"
      >
        <a
          class="StyledAnchor-sc-1rp7lwl-0 SWNCL"
          href="/"
        >
          React Boilerplate
        </a>
      </div>
    </header>
  </div>
</div>
`;
