// Jest Snapshot v1, https://goo.gl/fbAQLP

exports[`Checkbox renders and matches snapshot 1`] = `
<div>
  <label
    class="StyledCheckBox__StyledCheckBoxContainer-sc-1dbk5ju-1 htOOow"
    for="checkbox-1"
  >
    <span>
      New Label
    </span>
    <div
      class="StyledBox-sc-13pk1d4-0 jUHgwK StyledCheckBox-sc-1dbk5ju-6 hOFfoi"
    >
      <input
        checked=""
        class="StyledCheckBox__StyledCheckBoxInput-sc-1dbk5ju-2 fYuA-Ds"
        id="checkbox-1"
        name="Some name"
        type="checkbox"
      />
      <span
        class="StyledCheckBox__StyledCheckBoxToggle-sc-1dbk5ju-4 imINeg"
      >
        <span
          class="StyledCheckBox__StyledCheckBoxKnob-sc-1dbk5ju-5 dVITJo"
        />
      </span>
    </div>
  </label>
</div>
`;
