// Jest Snapshot v1, https://goo.gl/fbAQLP

exports[`PasswordResetRequest renders and matches snapshot 1`] = `
<div>
  <div
    class="StyledGrommet-sc-19lkkz7-0 eTWpSM"
  >
    <div
      class="StyledBox-sc-13pk1d4-0 jJdKAu"
    >
      <div
        class="StyledBox-sc-13pk1d4-0 QJUym"
      >
        <img
          class="StyledImage-ey4zx9-0 cHpGKY"
          src="IMAGE_MOCK"
          style="width: 300px;"
        />
      </div>
      <div
        class="StyledBox-sc-13pk1d4-0 ewTzDI"
        style="width: 90vw; max-width: 600px;"
      >
        <div
          class="StyledBox-sc-13pk1d4-0 gVSbfC"
        >
          <h2
            class="StyledHeading-sc-1rdh4aw-0 fjsCgo"
            style="font-family: soleil, 'Helvetica Neue', Helvetica, Arial, sans-serif; max-width: 100vw; text-transform: false;"
          >
            Forgot your password?
          </h2>
          <a
            class="Link__StyledLink-sc-1vpl4pu-0 gEErvb"
            href="/login"
            theme="[object Object]"
          >
            or Sign In
          </a>
        </div>
        <form
          id="reset-password-request-form"
        >
          <div
            class="StyledBox-sc-13pk1d4-0 bIVpEL FormField__FormFieldBox-m9hood-0 ddgSii FormField__StyledFormField-g4wt0p-0 feezXd"
          >
            <label
              class="StyledText-sc-1sadyjn-0 enbIRN"
            >
              <span
                class="StyledText-sc-1sadyjn-0 lmFPCJ Text__StyledGrommetText-sc-1qclgcc-0 lkunaY"
              >
                Email
                <span
                  class="StyledText-sc-1sadyjn-0 hnHDhw Text__StyledGrommetText-sc-1qclgcc-0 lkunaY"
                >
                  *
                </span>
              </span>
            </label>
            <div
              class="StyledBox-sc-13pk1d4-0 GCqjV"
            >
              <div
                class="StyledBox-sc-13pk1d4-0 jJdKAu"
              >
                <div
                  class="StyledTextInput__StyledTextInputContainer-sc-1x30a0s-1 ksQrmr"
                >
                  <input
                    autocomplete="off"
                    class="StyledTextInput-sc-1x30a0s-0 gknGre"
                    name="email"
                    type="email"
                    value=""
                  />
                </div>
              </div>
            </div>
          </div>
          <div
            class="StyledBox-sc-13pk1d4-0 hzTjkL"
          >
            <button
              class="StyledButton-sc-323bzc-0 cGKVeS Button__StyledGrommetButton-sc-5cxguj-0 jYsjN"
              type="submit"
            >
              Submit
            </button>
          </div>
        </form>
      </div>
    </div>
  </div>
</div>
`;
