// Jest Snapshot v1, https://goo.gl/fbAQLP

exports[`Table renders and matches snapshot 1`] = `
<div>
  <table
    class="StyledTable-sc-1m3u5g-6 bJymoW"
  >
    <thead
      class="StyledTable__StyledTableHeader-sc-1m3u5g-4 kdPLsZ"
    >
      <tr
        class="StyledTable__StyledTableRow-sc-1m3u5g-2 dSAyNg"
      >
        <th
          class="StyledTable__StyledTableCell-sc-1m3u5g-0 gsRqPi"
          scope="col"
        >
          <h4
            class="StyledHeading-sc-1rdh4aw-0 cJdkwo"
            style="font-family: soleil, 'Helvetica Neue', Helvetica, Arial, sans-serif; max-width: 100vw; text-transform: false;"
          >
            Name
          </h4>
        </th>
        <th
          class="StyledTable__StyledTableCell-sc-1m3u5g-0 gsRqPi"
          scope="col"
        >
          <h4
            class="StyledHeading-sc-1rdh4aw-0 cJdkwo"
            style="font-family: soleil, 'Helvetica Neue', Helvetica, Arial, sans-serif; max-width: 100vw; text-transform: false;"
          >
            Email
          </h4>
        </th>
        <th
          class="StyledTable__StyledTableCell-sc-1m3u5g-0 gsRqPi"
          scope="col"
        >
          <h4
            class="StyledHeading-sc-1rdh4aw-0 cJdkwo"
            style="font-family: soleil, 'Helvetica Neue', Helvetica, Arial, sans-serif; max-width: 100vw; text-transform: false;"
          >
            Amount
          </h4>
        </th>
      </tr>
    </thead>
    <tbody
      class="StyledTable__StyledTableBody-sc-1m3u5g-3 bMdIOJ"
    >
      <tr
        class="StyledTable__StyledTableRow-sc-1m3u5g-2 dSAyNg"
      >
        <th
          class="StyledTable__StyledTableCell-sc-1m3u5g-0 glVxec"
          scope="col"
        >
          <h5
            class="StyledHeading-sc-1rdh4aw-0 hetXvW"
            style="font-family: soleil, 'Helvetica Neue', Helvetica, Arial, sans-serif; max-width: 100vw; text-transform: false;"
          >
            Eric
          </h5>
        </th>
        <th
          class="StyledTable__StyledTableCell-sc-1m3u5g-0 glVxec"
          scope="col"
        >
          <h5
            class="StyledHeading-sc-1rdh4aw-0 hetXvW"
            style="font-family: soleil, 'Helvetica Neue', Helvetica, Arial, sans-serif; max-width: 100vw; text-transform: false;"
          >
            eric@gmail.com
          </h5>
        </th>
        <th
          class="StyledTable__StyledTableCell-sc-1m3u5g-0 glVxec"
          scope="col"
        >
          <h5
            class="StyledHeading-sc-1rdh4aw-0 hetXvW"
            style="font-family: soleil, 'Helvetica Neue', Helvetica, Arial, sans-serif; max-width: 100vw; text-transform: false;"
          >
            $45
          </h5>
        </th>
      </tr>
      <tr
        class="StyledTable__StyledTableRow-sc-1m3u5g-2 dSAyNg"
      >
        <th
          class="StyledTable__StyledTableCell-sc-1m3u5g-0 glVxec"
          scope="col"
        >
          <h5
            class="StyledHeading-sc-1rdh4aw-0 hetXvW"
            style="font-family: soleil, 'Helvetica Neue', Helvetica, Arial, sans-serif; max-width: 100vw; text-transform: false;"
          >
            Chris
          </h5>
        </th>
        <th
          class="StyledTable__StyledTableCell-sc-1m3u5g-0 glVxec"
          scope="col"
        >
          <h5
            class="StyledHeading-sc-1rdh4aw-0 hetXvW"
            style="font-family: soleil, 'Helvetica Neue', Helvetica, Arial, sans-serif; max-width: 100vw; text-transform: false;"
          >
            chris@gmail.com
          </h5>
        </th>
        <th
          class="StyledTable__StyledTableCell-sc-1m3u5g-0 glVxec"
          scope="col"
        >
          <h5
            class="StyledHeading-sc-1rdh4aw-0 hetXvW"
            style="font-family: soleil, 'Helvetica Neue', Helvetica, Arial, sans-serif; max-width: 100vw; text-transform: false;"
          >
            $45
          </h5>
        </th>
      </tr>
      <tr
        class="StyledTable__StyledTableRow-sc-1m3u5g-2 dSAyNg"
      >
        <th
          class="StyledTable__StyledTableCell-sc-1m3u5g-0 glVxec"
          scope="col"
        >
          <h5
            class="StyledHeading-sc-1rdh4aw-0 hetXvW"
            style="font-family: soleil, 'Helvetica Neue', Helvetica, Arial, sans-serif; max-width: 100vw; text-transform: false;"
          >
            Shanna
          </h5>
        </th>
        <th
          class="StyledTable__StyledTableCell-sc-1m3u5g-0 glVxec"
          scope="col"
        >
          <h5
            class="StyledHeading-sc-1rdh4aw-0 hetXvW"
            style="font-family: soleil, 'Helvetica Neue', Helvetica, Arial, sans-serif; max-width: 100vw; text-transform: false;"
          >
            shanna@gmail.com
          </h5>
        </th>
        <th
          class="StyledTable__StyledTableCell-sc-1m3u5g-0 glVxec"
          scope="col"
        >
          <h5
            class="StyledHeading-sc-1rdh4aw-0 hetXvW"
            style="font-family: soleil, 'Helvetica Neue', Helvetica, Arial, sans-serif; max-width: 100vw; text-transform: false;"
          >
            $45
          </h5>
        </th>
      </tr>
    </tbody>
    <tfoot
      class="StyledTable__StyledTableFooter-sc-1m3u5g-5 iKFIhK"
    >
      <tr
        class="StyledTable__StyledTableRow-sc-1m3u5g-2 dSAyNg"
      >
        <td
          class="StyledTable__StyledTableCell-sc-1m3u5g-0 kgsbPu"
        >
          <h4
            class="StyledHeading-sc-1rdh4aw-0 cJdkwo"
            style="font-family: soleil, 'Helvetica Neue', Helvetica, Arial, sans-serif; max-width: 100vw; text-transform: false;"
          />
        </td>
        <td
          class="StyledTable__StyledTableCell-sc-1m3u5g-0 kgsbPu"
        >
          <h4
            class="StyledHeading-sc-1rdh4aw-0 cJdkwo"
            style="font-family: soleil, 'Helvetica Neue', Helvetica, Arial, sans-serif; max-width: 100vw; text-transform: false;"
          />
        </td>
        <td
          class="StyledTable__StyledTableCell-sc-1m3u5g-0 kgsbPu"
        >
          <h4
            class="StyledHeading-sc-1rdh4aw-0 cJdkwo"
            style="font-family: soleil, 'Helvetica Neue', Helvetica, Arial, sans-serif; max-width: 100vw; text-transform: false;"
          />
        </td>
      </tr>
    </tfoot>
  </table>
</div>
`;
