// Jest Snapshot v1, https://goo.gl/fbAQLP

exports[`should lazy load and match the snapshot 1`] = `
<div>
  <article>
    <div>
      <section
        class="styles__Section-w51kdb-3 styles__CenteredSection-w51kdb-4 hZTVSk"
      >
        <h2
          class="StyledHeading-sc-1rdh4aw-0 yhirM"
        >
          <span>
            Start your next react project in seconds
          </span>
        </h2>
        <p>
          <span>
            A highly scalable, offline-first foundation with the best DX and a focus on performance and best practices
          </span>
        </p>
      </section>
      <section
        class="styles__Section-w51kdb-3 ktSOjr"
      >
        <h2
          class="StyledHeading-sc-1rdh4aw-0 yhirM"
        >
          <span>
            Try me!
          </span>
        </h2>
        <form
          class="styles__Form-w51kdb-1 hMNxRg"
        >
          <label
            for="searchTerm"
          >
            <span>
              Show Github repositories by
            </span>
            <span
              class="styles__AtPrefix-w51kdb-0 cRLVte"
            >
              <span>
                @
              </span>
            </span>
            <input
              class="styles__Input-w51kdb-2 hEplru"
              id="searchTerm"
              placeholder="mxstbr"
              type="text"
              value=""
            />
          </label>
        </form>
        <div
          class="Wrapper-sc-1umgotm-0 laCwDT"
        >
          <ul
            class="Ul-mwnq6h-0 jcxXFy"
          />
        </div>
      </section>
    </div>
  </article>
</div>
`;

exports[`should render and match the snapshot 1`] = `
<div>
  <article>
    <div>
      <section
        class="styles__Section-w51kdb-3 styles__CenteredSection-w51kdb-4 hZTVSk"
      >
        <h2
          class="StyledHeading-sc-1rdh4aw-0 yhirM"
        >
          <span>
            Start your next react project in seconds
          </span>
        </h2>
        <p>
          <span>
            A highly scalable, offline-first foundation with the best DX and a focus on performance and best practices
          </span>
        </p>
      </section>
      <section
        class="styles__Section-w51kdb-3 ktSOjr"
      >
        <h2
          class="StyledHeading-sc-1rdh4aw-0 yhirM"
        >
          <span>
            Try me!
          </span>
        </h2>
        <form
          class="styles__Form-w51kdb-1 hMNxRg"
        >
          <label
            for="searchTerm"
          >
            <span>
              Show Github repositories by
            </span>
            <span
              class="styles__AtPrefix-w51kdb-0 cRLVte"
            >
              <span>
                @
              </span>
            </span>
            <input
              class="styles__Input-w51kdb-2 hEplru"
              id="searchTerm"
              placeholder="mxstbr"
              type="text"
              value=""
            />
          </label>
        </form>
        <div
          class="Wrapper-sc-1umgotm-0 laCwDT"
        >
          <ul
            class="Ul-mwnq6h-0 jcxXFy"
          />
        </div>
      </section>
    </div>
  </article>
</div>
`;
