// Jest Snapshot v1, https://goo.gl/fbAQLP

exports[`Footer should render and match the snapshot 1`] = `
<footer
  className="Wrapper-wcfdfo-0 gKUkCQ"
>
  <section>
    This project is licensed under the MIT license.
  </section>
  <section>
    <div
      className="LocaleTogglestyles__Wrapper-sc-1df0f0w-0 eDbmIJ"
    >
      <select
        className="Select-sc-1sm01tk-0 igKyVl"
        onChange={[Function]}
        value="de"
      >
        <option
          value="en"
        >
          en
        </option>
        <option
          value="de"
        >
          de
        </option>
      </select>
    </div>
  </section>
  <section>
    
      Made with love by 
    <a
      className="StyledAnchor-sc-1rp7lwl-0 eCyBYb"
      href="https://twitter.com/mxstbr"
      onBlur={[Function]}
      onFocus={[Function]}
    >
      Max Stoiber
    </a>
    .
    
  </section>
</footer>
`;
